// Jest Snapshot v1, https://goo.gl/fbAQLP

exports[`resolveCollectionImages > GIVEN a query has specified backdrops > THEN the resolver should return the collection images 1`] = `
Array [
  Object {
    "aspect_ratio": 1.77777777777778,
    "file_path": "/shDFE0i7josMt9IKXdYpnMFFgNV.jpg",
    "height": 1080,
    "iso_639_1": null,
    "vote_average": 5.3125,
    "vote_count": 1,
    "width": 1920,
  },
]
`;

exports[`resolveCollectionImages > GIVEN a query has specified posters > THEN the resolver should return the collection images 1`] = `
Array [
  Object {
    "aspect_ratio": 0.666666666666667,
    "file_path": "/hznxm4di88tWJHiCGWYDXeKk1Ih.jpg",
    "height": 1500,
    "iso_639_1": "en",
    "vote_average": 5.3125,
    "vote_count": 1,
    "width": 1000,
  },
]
`;
