// Jest Snapshot v1, https://goo.gl/fbAQLP

exports[`resolveCollectionImages > THEN the resolver should return the collection translations 1`] = `
Object {
  "id": 10,
  "translations": Array [
    Object {
      "data": Object {
        "homepage": "",
        "overview": "",
        "title": "星球大战（系列）",
      },
      "english_name": "Mandarin",
      "iso_3166_1": "CN",
      "iso_639_1": "zh",
      "name": "普通话",
    },
    Object {
      "data": Object {
        "homepage": "",
        "overview": "",
        "title": "Colecția Războaiele stelare",
      },
      "english_name": "Romanian",
      "iso_3166_1": "RO",
      "iso_639_1": "ro",
      "name": "Română",
    },
    Object {
      "data": Object {
        "homepage": "",
        "overview": "",
        "title": "",
      },
      "english_name": "Croatian",
      "iso_3166_1": "HR",
      "iso_639_1": "hr",
      "name": "Hrvatski",
    },
    Object {
      "data": Object {
        "homepage": "http://www.starwars.com/films",
        "overview": "An epic space opera theatrical film series that depicts the adventures of various characters \\"a long time ago in a galaxy far, far away\\".",
        "title": "",
      },
      "english_name": "English",
      "iso_3166_1": "US",
      "iso_639_1": "en",
      "name": "English",
    },
    Object {
      "data": Object {
        "homepage": "",
        "overview": "«Звёздные войны» — эпическая фантастическая киносага, созданная Джорджем Лукасом. Эпизоды серии вобрали в себя архетипы как научной фантастики, так и классической мифологии, а также предоставили их великолепную музыкальную интерпретацию. Фильмы являются прекрасным примером космооперы, они заняли заметное место в поп-культуре и стали самой кассовой киносерией всех времён. В последние годы серия приобрела ещё большую популярность, породив новое поколение восторженных фанатов.",
        "title": "Звездные войны",
      },
      "english_name": "Russian",
      "iso_3166_1": "RU",
      "iso_639_1": "ru",
      "name": "Pусский",
    },
    Object {
      "data": Object {
        "homepage": "http://www.starwars.com",
        "overview": "",
        "title": "Kolekcia Star Wars",
      },
      "english_name": "Slovak",
      "iso_3166_1": "SK",
      "iso_639_1": "sk",
      "name": "Slovenčina",
    },
    Object {
      "data": Object {
        "homepage": "",
        "overview": "Luke Skywalker, la Princesse Leia, Dark Vador, C3PO, R2D2 et de nombreux autres personnages du film sont désormais des noms familiers de l'un des projets cinématographiques les plus réussis de tous les temps.",
        "title": "Star Wars - Saga",
      },
      "english_name": "French",
      "iso_3166_1": "FR",
      "iso_639_1": "fr",
      "name": "Français",
    },
    Object {
      "data": Object {
        "homepage": "",
        "overview": "A Csillagok háborúja (eredeti címe: Star Wars) egy űropera filmsorozatnak, irodalmi műveknek és számítógépes játékoknak a neve. Mindezek George Lucas filmrendező ötletei alapján készültek el. A filmek cselekménye a Galaktikus Köztársaság és a Galaktikus Birodalom közti átmenetek, valamint a Galaktikus Polgárháború (amely a Lázadó Szövetség és a Galaktikus Birodalom között zajlik) körül forog. Valójában az egész cselekmény a jó és a rossz harcát jelképezi. A történet „réges régen, egy messzi-messzi galaxisban…” játszódik. Az eredeti Csillagok háborúja-trilógia, főleg annak elsőként vetített része, az Egy új remény (IV. epizód) úttörő jelentőségű volt a sci-fi műfajában mind tartalmilag, mind a technikai megvalósítást tekintve, de az előzmény-trilógia (Baljós árnyak, A klónok támadása, A Sith-ek bosszúja) is számos újítást hozott magával.",
        "title": "Star Wars gyűjtemény",
      },
      "english_name": "Hungarian",
      "iso_3166_1": "HU",
      "iso_639_1": "hu",
      "name": "Magyar",
    },
    Object {
      "data": Object {
        "homepage": "",
        "overview": "מלחמת הכוכבים הוא שמה של סדרת סרטי מדע בדיוני מצליחים שיצר במאי הקולנוע ג'ורג' לוקאס. הסרט הראשון בסדרה, שנקרא אז \\"מלחמת הכוכבים\\" וכיום נקרא \\"מלחמת הכוכבים - פרק 4: תקווה חדשה\\", יצא בשנת 1977. מאז יצאו חמישה סרטים נוספים בסדרה, האחרון שבהם בשנת 2005. בסדרת הסרטים כיכבו אנסמבל של שחקנים כדוגמת מארק המיל, האריסון פורד, קארי פישר ואלק גינס (בטרילוגיה המקורית) והיידן כריסטנסן, נטלי פורטמן, יואן מקגרגור, ליאם ניסן, כריסטופר לי וסמואל ל. ג'קסון (בטרילוגיה המקדימה). בעקבות רכישת לוקאס פילם על ידי דיסני, הכריזו הרוכשים על הפקת טרילוגיה חדשה (פרקים 7-9); הראשון בהם צפוי לצאת לאקרנים בשנת 2015.",
        "title": "מלחמת הכוכבים - אוסף",
      },
      "english_name": "Hebrew",
      "iso_3166_1": "IL",
      "iso_639_1": "he",
      "name": "עִבְרִית",
    },
    Object {
      "data": Object {
        "homepage": "",
        "overview": "Междузвездни войни е поредица от шест филма проследяващи живота на Анакин Скайуокър. Открит от джедая Куай-Гон Джин на пустинната планета Татуин Анакин е все още дете, но постепенно се превръща в силния Дарт Вейдър, дясната ръка на Императорът, който почти успява да унищожи джедайте.",
        "title": "Междузвездни войни (поредица)",
      },
      "english_name": "Bulgarian",
      "iso_3166_1": "BG",
      "iso_639_1": "bg",
      "name": "български език",
    },
    Object {
      "data": Object {
        "homepage": "http://www.starwars.com/",
        "overview": "Seria filmów fantastycznych z gatunku space opera (science fantasy) George’a Lucasa.",
        "title": "Gwiezdne Wojny - Kolekcja",
      },
      "english_name": "Polish",
      "iso_3166_1": "PL",
      "iso_639_1": "pl",
      "name": "Polski",
    },
    Object {
      "data": Object {
        "homepage": "",
        "overview": "Alle otte Star Wars film i science fiction-sagaen, som foregår i \\"en fjern, fjern galakse for meget længe siden\\" ... den 9. og sidste film i denne serie får biograf premiere i 2019. Men mange andre spin-offs er på vej.",
        "title": "Star Wars (Samling)",
      },
      "english_name": "Danish",
      "iso_3166_1": "DK",
      "iso_639_1": "da",
      "name": "Dansk",
    },
    Object {
      "data": Object {
        "homepage": "",
        "overview": "",
        "title": "Tähtien sota",
      },
      "english_name": "Finnish",
      "iso_3166_1": "FI",
      "iso_639_1": "fi",
      "name": "suomi",
    },
    Object {
      "data": Object {
        "homepage": "",
        "overview": "Un'epica storia, ambientata in galassie lontane e raccontata in una serie di film, creata da George Lucas.",
        "title": "Star Wars - Collezione",
      },
      "english_name": "Italian",
      "iso_3166_1": "IT",
      "iso_639_1": "it",
      "name": "Italiano",
    },
    Object {
      "data": Object {
        "homepage": "",
        "overview": "La colección de las 7 películas del director , escritor y productor George Lucas. Con Luke Skywalker, Pricesa Leia, Darth Vader,C3PO,R2D2 y mas personajes de la saga de la Guerra de las Galaxias.",
        "title": "Star Wars - Colección",
      },
      "english_name": "Spanish",
      "iso_3166_1": "ES",
      "iso_639_1": "es",
      "name": "Español",
    },
    Object {
      "data": Object {
        "homepage": "",
        "overview": "",
        "title": "Hvězdné války (kolekce)",
      },
      "english_name": "Czech",
      "iso_3166_1": "CZ",
      "iso_639_1": "cs",
      "name": "Český",
    },
    Object {
      "data": Object {
        "homepage": "",
        "overview": "De collectie van de zes theatrale productie van films uit de regisseur, scenarioschrijver en producer George Lucas. Luke Skywalker, Princess Leia, Darth Vader, C3PO, R2D2 en vele andere personages uit de film zijn nu vertrouwde namen van een van de meest succesvolle filmprojecten aller tijden.",
        "title": "Star Wars collectie",
      },
      "english_name": "Dutch",
      "iso_3166_1": "NL",
      "iso_639_1": "nl",
      "name": "Nederlands",
    },
    Object {
      "data": Object {
        "homepage": "",
        "overview": "",
        "title": "Yıldız Savaşları Serisi",
      },
      "english_name": "Turkish",
      "iso_3166_1": "TR",
      "iso_639_1": "tr",
      "name": "Türkçe",
    },
    Object {
      "data": Object {
        "homepage": "",
        "overview": "",
        "title": "",
      },
      "english_name": "Swedish",
      "iso_3166_1": "SE",
      "iso_639_1": "sv",
      "name": "svenska",
    },
    Object {
      "data": Object {
        "homepage": "",
        "overview": "",
        "title": "",
      },
      "english_name": "Norwegian Bokmål",
      "iso_3166_1": "NO",
      "iso_639_1": "nb",
      "name": "Bokmål",
    },
    Object {
      "data": Object {
        "homepage": "",
        "overview": "",
        "title": "Star Wars - Den Komplette Samlingen",
      },
      "english_name": "Norwegian",
      "iso_3166_1": "NO",
      "iso_639_1": "no",
      "name": "Norsk",
    },
    Object {
      "data": Object {
        "homepage": "",
        "overview": "",
        "title": "スター・ウォーズ シリーズ",
      },
      "english_name": "Japanese",
      "iso_3166_1": "JP",
      "iso_639_1": "ja",
      "name": "日本語",
    },
    Object {
      "data": Object {
        "homepage": "",
        "overview": "",
        "title": "스타 워즈 시리즈",
      },
      "english_name": "Korean",
      "iso_3166_1": "KR",
      "iso_639_1": "ko",
      "name": "한국어/조선말",
    },
    Object {
      "data": Object {
        "homepage": "",
        "overview": "",
        "title": "สตาร์ วอร์ส คอลเลกชัน",
      },
      "english_name": "Thai",
      "iso_3166_1": "TH",
      "iso_639_1": "th",
      "name": "ภาษาไทย",
    },
    Object {
      "data": Object {
        "homepage": "",
        "overview": "",
        "title": "колекција Ратови Звезда",
      },
      "english_name": "Serbian",
      "iso_3166_1": "RS",
      "iso_639_1": "sr",
      "name": "Srpski",
    },
    Object {
      "data": Object {
        "homepage": "",
        "overview": "Opera espacial americana em uma série de seis filmes de fantasia escritos por George Lucas. O primeiro filme da série foi lançado originalmente pela 20th Century Fox em 1977 tornando-se um fenômeno mundial de cultura popular. Foi acompanhado por duas sequências, lançadas em intervalos de três anos. Dezesseis anos depois da exibição do último filme a saga continuo com outras sequências.",
        "title": "Star Wars",
      },
      "english_name": "Portuguese",
      "iso_3166_1": "BR",
      "iso_639_1": "pt",
      "name": "Português",
    },
    Object {
      "data": Object {
        "homepage": "",
        "overview": "",
        "title": "星際大戰 系列",
      },
      "english_name": "Mandarin",
      "iso_3166_1": "TW",
      "iso_639_1": "zh",
      "name": "普通话",
    },
    Object {
      "data": Object {
        "homepage": "",
        "overview": "Культова епічна фантастична сага, що містить оповіді про протистояння планет, цивілізації та фракцій «Далекої галактики»",
        "title": "Зоряні війни - кіноцикл",
      },
      "english_name": "Ukrainian",
      "iso_3166_1": "UA",
      "iso_639_1": "uk",
      "name": "Український",
    },
    Object {
      "data": Object {
        "homepage": "",
        "overview": "",
        "title": "",
      },
      "english_name": "Persian",
      "iso_3166_1": "IR",
      "iso_639_1": "fa",
      "name": "فارسی",
    },
    Object {
      "data": Object {
        "homepage": "http://www.starwars-union.de",
        "overview": "\\"Star Wars™\\" ist die größte Science-Fiction-Saga aller Zeiten, die mit ihren bislang acht filmischen Episoden und den unüberschaubaren Verzweigungen alle Dimensionen der Unterhaltungskultur gesprengt hat. Die Abenteuer von Luke Skywalker, Han Solo und der schönen Prinzessin Leia fesseln die Kinozuschauer und die Leser in aller Welt seit fast 30 Jahren.",
        "title": "Star Wars Filmreihe",
      },
      "english_name": "German",
      "iso_3166_1": "DE",
      "iso_639_1": "de",
      "name": "Deutsch",
    },
    Object {
      "data": Object {
        "homepage": "",
        "overview": "Space opera americana em uma série de seis filmes de fantasia escritos por George Lucas. O primeiro filme da série foi lançado originalmente pela 20th Century Fox em 25 de maio de 1977 tornando-se um fenômeno mundial de cultura popular. Foi acompanhado por duas sequências, lançadas em intervalos de três anos. Dezesseis anos depois da exibição do último filme teve início uma nova trilogia, mais uma vez lançada em intervalos de três anos, com o último filme sendo lançado em 19 de maio de 2005.",
        "title": "Star Wars - Coletânea",
      },
      "english_name": "Portuguese",
      "iso_3166_1": "PT",
      "iso_639_1": "pt",
      "name": "Português",
    },
    Object {
      "data": Object {
        "homepage": "",
        "overview": "Luke Skywalker, la Princesse Leia, Dark Vador, C3PO, R2D2 et de nombreux autres personnages du film sont désormais des noms familiers de l'un des projets cinématographiques les plus réussis de tous les temps.",
        "title": "Collection Star Wars",
      },
      "english_name": "French",
      "iso_3166_1": "CA",
      "iso_639_1": "fr",
      "name": "Français",
    },
    Object {
      "data": Object {
        "homepage": "",
        "overview": "",
        "title": "",
      },
      "english_name": "Spanish",
      "iso_3166_1": "MX",
      "iso_639_1": "es",
      "name": "Español",
    },
    Object {
      "data": Object {
        "homepage": "",
        "overview": "",
        "title": "Žvaigždžių karai Kolekcijos",
      },
      "english_name": "Lithuanian",
      "iso_3166_1": "LT",
      "iso_639_1": "lt",
      "name": "Lietuvikai",
    },
    Object {
      "data": Object {
        "homepage": "",
        "overview": "",
        "title": "",
      },
      "english_name": "Indonesian",
      "iso_3166_1": "ID",
      "iso_639_1": "id",
      "name": "Bahasa indonesia",
    },
  ],
}
`;
